{
  "Numbers": [
    {
      "ID": 28,
      "CountryCode": 61,
      "Region": "Brisbane",
      "AssignedNumber": 722222230,
      "E164": "+61722222230",
      "Status": "Active"
    },
    {
      "ID": 11,
      "CountryCode": 61,
      "Region": "Sydney",
      "AssignedNumber": 211111113,
      "E164": "+61211111113",
      "Status": "Active"
    }
  ]
}
